
Vivekc7@Vivekc07 MINGW64 ~/GitDemo/gitdemo (main)
$ git checkout main
Already on 'main'
Your branch is up to date with 'origin/main'.

Vivekc7@Vivekc07 MINGW64 ~/GitDemo/gitdemo (main)
$ git status
On branch main
Your branch is up to date with 'origin/main'.

nothing to commit, working tree clean

Vivekc7@Vivekc07 MINGW64 ~/GitDemo/gitdemo (main)
$ git branch
  GitNewBranch
* main

Vivekc7@Vivekc07 MINGW64 ~/GitDemo/gitdemo (main)
$ git branch -r
  origin/GitNewBranch
  origin/main

Vivekc7@Vivekc07 MINGW64 ~/GitDemo/gitdemo (main)
$ git branch -a
  GitNewBranch
* main
  remotes/origin/GitNewBranch
  remotes/origin/main

Vivekc7@Vivekc07 MINGW64 ~/GitDemo/gitdemo (main)
$ git pull origin main
From https://gitlab.com/vivek_1225/gitdemo
 * branch            main       -> FETCH_HEAD
Already up to date.

Vivekc7@Vivekc07 MINGW64 ~/GitDemo/gitdemo (main)
$ git checkout -b Git-T03-HOL_002
Switched to a new branch 'Git-T03-HOL_002'

Vivekc7@Vivekc07 MINGW64 ~/GitDemo/gitdemo (Git-T03-HOL_002)
$ git status
On branch Git-T03-HOL_002
nothing to commit, working tree clean

Vivekc7@Vivekc07 MINGW64 ~/GitDemo/gitdemo (Git-T03-HOL_002)
$ git push origin Git-T03-HOL_002
Total 0 (delta 0), reused 0 (delta 0), pack-reused 0 (from 0)
remote:
remote: To create a merge request for Git-T03-HOL_002, visit:
remote:   https://gitlab.com/vivek_1225/gitdemo/-/merge_requests/new?merge_request%5Bsource_branch%5D=Git-T03-HOL_002
remote:
To https://gitlab.com/vivek_1225/gitdemo.git
 * [new branch]      Git-T03-HOL_002 -> Git-T03-HOL_002

Vivekc7@Vivekc07 MINGW64 ~/GitDemo/gitdemo (Git-T03-HOL_002)
$ git log origin/Git-T03-HOL_002 --oneline -n 5
72bdbec (HEAD -> Git-T03-HOL_002, origin/main, origin/HEAD, origin/Git-T03-HOL_002, main) Add .orig files to .gitignore
9e5cd9f Merge GitWork into master with resolved conflict
bffd831 Add hello.xml in main with different content
f837f20 Add and update hello.xml in GitWork branch
48bbcd6 Merge remote changes

Vivekc7@Vivekc07 MINGW64 ~/GitDemo/gitdemo (Git-T03-HOL_002)
$
